// Vitest Snapshot v1, https://vitest.dev/guide/snapshot.html

exports[`update-dotnet-sdk > when close-superseded is false > running the action > generates the expected Git commit history 1`] = `
[
  "Update .NET SDK",
  "",
  "Update .NET SDK to version 6.0.413.",
  "",
  "---",
  "updated-dependencies:",
  "- dependency-name: Microsoft.NET.Sdk",
  "  dependency-version: 6.0.413",
  "  dependency-type: direct:production",
  "  update-type: version-update:semver-patch",
  "...",
  "",
  "Signed-off-by: github-actions[bot] <github-actions[bot]@users.noreply.github.com>",
]
`;

exports[`update-dotnet-sdk > when close-superseded is false > running the action > the aspnetcore-version output is correct 1`] = `"6.0.21"`;

exports[`update-dotnet-sdk > when close-superseded is false > running the action > the branch-name output is correct 1`] = `"update-dotnet-sdk-6.0.413"`;

exports[`update-dotnet-sdk > when close-superseded is false > running the action > the pull-request-html-url output is correct 1`] = `"https://github.local/martincostello/update-dotnet-sdk/pull/42"`;

exports[`update-dotnet-sdk > when close-superseded is false > running the action > the pull-request-number output is correct 1`] = `"42"`;

exports[`update-dotnet-sdk > when close-superseded is false > running the action > the pull-requests-closed output is correct 1`] = `"[]"`;

exports[`update-dotnet-sdk > when close-superseded is false > running the action > the runtime-version output is correct 1`] = `"6.0.21"`;

exports[`update-dotnet-sdk > when close-superseded is false > running the action > the sdk-updated output is correct 1`] = `"true"`;

exports[`update-dotnet-sdk > when close-superseded is false > running the action > the sdk-version output is correct 1`] = `"6.0.413"`;

exports[`update-dotnet-sdk > when close-superseded is false > running the action > the security output is correct 1`] = `"true"`;

exports[`update-dotnet-sdk > when close-superseded is false > running the action > the windows-desktop-version output is correct 1`] = `"6.0.21"`;

exports[`update-dotnet-sdk > when close-superseded is false > running the action > updates the SDK version in global.json 1`] = `"6.0.413"`;

exports[`update-dotnet-sdk > when close-superseded is true > running the action > generates the expected Git commit history 1`] = `
[
  "Update .NET SDK",
  "",
  "Update .NET SDK to version 6.0.413.",
  "",
  "---",
  "updated-dependencies:",
  "- dependency-name: Microsoft.NET.Sdk",
  "  dependency-version: 6.0.413",
  "  dependency-type: direct:production",
  "  update-type: version-update:semver-patch",
  "...",
  "",
  "Signed-off-by: github-actions[bot] <github-actions[bot]@users.noreply.github.com>",
]
`;

exports[`update-dotnet-sdk > when close-superseded is true > running the action > the aspnetcore-version output is correct 1`] = `"6.0.21"`;

exports[`update-dotnet-sdk > when close-superseded is true > running the action > the branch-name output is correct 1`] = `"update-dotnet-sdk-6.0.413"`;

exports[`update-dotnet-sdk > when close-superseded is true > running the action > the pull-request-html-url output is correct 1`] = `"https://github.local/martincostello/update-dotnet-sdk/pull/42"`;

exports[`update-dotnet-sdk > when close-superseded is true > running the action > the pull-request-number output is correct 1`] = `"42"`;

exports[`update-dotnet-sdk > when close-superseded is true > running the action > the pull-requests-closed output is correct 1`] = `"[40,41]"`;

exports[`update-dotnet-sdk > when close-superseded is true > running the action > the runtime-version output is correct 1`] = `"6.0.21"`;

exports[`update-dotnet-sdk > when close-superseded is true > running the action > the sdk-updated output is correct 1`] = `"true"`;

exports[`update-dotnet-sdk > when close-superseded is true > running the action > the sdk-version output is correct 1`] = `"6.0.413"`;

exports[`update-dotnet-sdk > when close-superseded is true > running the action > the security output is correct 1`] = `"true"`;

exports[`update-dotnet-sdk > when close-superseded is true > running the action > the windows-desktop-version output is correct 1`] = `"6.0.21"`;

exports[`update-dotnet-sdk > when close-superseded is true > running the action > updates the SDK version in global.json 1`] = `"6.0.413"`;

exports[`update-dotnet-sdk > when dry-run is true > running the action > generates the expected Git commit history 1`] = `
[
  "Update .NET SDK",
  "",
  "Update .NET SDK to version 6.0.413.",
  "",
  "---",
  "updated-dependencies:",
  "- dependency-name: Microsoft.NET.Sdk",
  "  dependency-version: 6.0.413",
  "  dependency-type: direct:production",
  "  update-type: version-update:semver-patch",
  "...",
  "",
  "Signed-off-by: github-actions[bot] <github-actions[bot]@users.noreply.github.com>",
]
`;

exports[`update-dotnet-sdk > when dry-run is true > running the action > the aspnetcore-version output is correct 1`] = `"6.0.21"`;

exports[`update-dotnet-sdk > when dry-run is true > running the action > the branch-name output is correct 1`] = `""`;

exports[`update-dotnet-sdk > when dry-run is true > running the action > the pull-request-html-url output is correct 1`] = `""`;

exports[`update-dotnet-sdk > when dry-run is true > running the action > the pull-request-number output is correct 1`] = `"0"`;

exports[`update-dotnet-sdk > when dry-run is true > running the action > the pull-requests-closed output is correct 1`] = `"[]"`;

exports[`update-dotnet-sdk > when dry-run is true > running the action > the runtime-version output is correct 1`] = `"6.0.21"`;

exports[`update-dotnet-sdk > when dry-run is true > running the action > the sdk-updated output is correct 1`] = `"true"`;

exports[`update-dotnet-sdk > when dry-run is true > running the action > the sdk-version output is correct 1`] = `"6.0.413"`;

exports[`update-dotnet-sdk > when dry-run is true > running the action > the security output is correct 1`] = `"true"`;

exports[`update-dotnet-sdk > when dry-run is true > running the action > the windows-desktop-version output is correct 1`] = `"6.0.21"`;

exports[`update-dotnet-sdk > when dry-run is true > running the action > updates the SDK version in global.json 1`] = `"6.0.413"`;
